Renesas Optimizing Linker (W2.08.00 )             12-Jul-2019 12:17:15

*** Options ***

-subcommand=DefaultBuild\newSKM2.clnk
-library=DefaultBuild\newSKM2.lib
-input=DefaultBuild\dbsct.obj
-input=DefaultBuild\intprg.obj
-input=DefaultBuild\newSKM2.obj
-input=DefaultBuild\resetprg.obj
-input=DefaultBuild\sbrk.obj
-input=DefaultBuild\vecttbl.obj
-input=DefaultBuild\hal.obj
-input=DefaultBuild\init.obj
-input=DefaultBuild\lowlvl.obj
-input=DefaultBuild\lowsrc.obj
-input=DefaultBuild\mode.obj
-input=DefaultBuild\parameters.obj
-input=DefaultBuild\hal_dist.obj
-input=DefaultBuild\search2.obj
-input=DefaultBuild\map_cmd.obj
-input=DefaultBuild\DataFlash.obj
-noprelink
-output=DefaultBuild\newSKM2.abs
-list=DefaultBuild\newSKM2.map
-nooptimize
-start=B_1,R_1,B_2,R_2,B,R,SU,SI/04,PResetPRG/0FFF80000,C_1,C_2,C,C$DSEC,C$BSEC,C$INIT,C$VTBL,C$VECT,D_1,D_2,D,P,PIntPRG,W_1,W_2,W,L/0FFF80100,FIXEDVECT/0FFFFFFD0
-rom=D=R,D_1=R_1,D_2=R_2
-nologo
-end

*** Error information ***

*** Mapping List ***

SECTION                            START      END         SIZE   ALIGN
B_1
                                  00000004  0000312f      312c   1
R_1
                                  00003130  00003186        57   1
B_2
                                  00003188  000033dd       256   2
R_2
                                  000033de  000033fd        20   2
B
                                  00003400  0000f4ff      c100   4
R
                                  0000f500  0000f837       338   4
SU
                                  0000f838  0000f937       100   4
SI
                                  0000f938  0000fc37       300   4
PResetPRG
                                  fff80000  fff80038        39   1
C_1
                                  fff80100  fff801d1        d2   1
C_2
                                  fff801d2  fff803d3       202   2
C
                                  fff803d4  fff81efb      1b28   4
C$DSEC
                                  fff81efc  fff81f1f        24   4
C$BSEC
                                  fff81f20  fff81f37        18   4
C$INIT
                                  fff81f38  fff81f38         0   1
C$VTBL
                                  fff81f38  fff81f38         0   1
C$VECT
                                  fff81f38  fff82337       400   4
D_1
                                  fff82338  fff8238e        57   1
D_2
                                  fff82390  fff823af        20   2
D
                                  fff823b0  fff826e7       338   4
P
                                  fff826e8  fff89cdb      75f4   1
PIntPRG
                                  fff89cdc  fff89ea4       1c9   1
W_1
                                  fff89ea5  fff89ee1        3d   1
W_2
                                  fff89ee2  fff89f1f        3e   2
W
                                  fff89f20  fff89f20         0   4
L
                                  fff89f20  fff8a3c4       4a5   4
$ADDR_C_FFFFFF80
                                  ffffff80  ffffff83         4   1
$ADDR_C_FFFFFFA0
                                  ffffffa0  ffffffaf        10   1
FIXEDVECT
                                  ffffffd0  ffffffff        30   4
