Renesas Optimizing Linker (W2.08.00 )             27-Nov-2019 20:47:22

*** Options ***

-subcommand=DefaultBuild\newSKM2.clnk
-library=DefaultBuild\newSKM2.lib
-input=DefaultBuild\dbsct.obj
-input=DefaultBuild\intprg.obj
-input=DefaultBuild\newSKM2.obj
-input=DefaultBuild\resetprg.obj
-input=DefaultBuild\sbrk.obj
-input=DefaultBuild\vecttbl.obj
-input=DefaultBuild\hal.obj
-input=DefaultBuild\init.obj
-input=DefaultBuild\lowlvl.obj
-input=DefaultBuild\lowsrc.obj
-input=DefaultBuild\mode.obj
-input=DefaultBuild\parameters.obj
-input=DefaultBuild\hal_dist.obj
-input=DefaultBuild\search2.obj
-input=DefaultBuild\map_cmd.obj
-input=DefaultBuild\DataFlash.obj
-noprelink
-output=DefaultBuild\newSKM2.abs
-list=DefaultBuild\newSKM2.map
-nooptimize
-start=B_1,R_1,B_2,R_2,B,R,SU,SI/04,PResetPRG/0FFF80000,C_1,C_2,C,C$DSEC,C$BSEC,C$INIT,C$VTBL,C$VECT,D_1,D_2,D,P,PIntPRG,W_1,W_2,W,L/0FFF80100,FIXEDVECT/0FFFFFFD0
-rom=D=R,D_1=R_1,D_2=R_2
-nologo
-end

*** Error information ***

*** Mapping List ***

SECTION                            START      END         SIZE   ALIGN
B_1
                                  00000004  00003135      3132   1
R_1
                                  00003136  00003190        5b   1
B_2
                                  00003192  000033e9       258   2
R_2
                                  000033ea  00003409        20   2
B
                                  0000340c  0000f503      c0f8   4
R
                                  0000f504  0000f843       340   4
SU
                                  0000f844  0000f943       100   4
SI
                                  0000f944  0000fc43       300   4
PResetPRG
                                  fff80000  fff80038        39   1
C_1
                                  fff80100  fff801d1        d2   1
C_2
                                  fff801d2  fff803d3       202   2
C
                                  fff803d4  fff81efb      1b28   4
C$DSEC
                                  fff81efc  fff81f1f        24   4
C$BSEC
                                  fff81f20  fff81f37        18   4
C$INIT
                                  fff81f38  fff81f38         0   1
C$VTBL
                                  fff81f38  fff81f38         0   1
C$VECT
                                  fff81f38  fff82337       400   4
D_1
                                  fff82338  fff82392        5b   1
D_2
                                  fff82394  fff823b3        20   2
D
                                  fff823b4  fff826f3       340   4
P
                                  fff826f4  fff8ab87      8494   1
PIntPRG
                                  fff8ab88  fff8ad50       1c9   1
W_1
                                  fff8ad51  fff8ad8d        3d   1
W_2
                                  fff8ad8e  fff8adeb        5e   2
W
                                  fff8adec  fff8adec         0   4
L
                                  fff8adec  fff8b31c       531   4
$ADDR_C_FFFFFF80
                                  ffffff80  ffffff83         4   1
$ADDR_C_FFFFFFA0
                                  ffffffa0  ffffffaf        10   1
FIXEDVECT
                                  ffffffd0  ffffffff        30   4
