Renesas Optimizing Linker (W2.08.00 )             12-Jun-2019 21:51:05

*** Options ***

-subcommand=DefaultBuild\newSKM2.clnk
-library=DefaultBuild\newSKM2.lib
-input=DefaultBuild\dbsct.obj
-input=DefaultBuild\intprg.obj
-input=DefaultBuild\newSKM2.obj
-input=DefaultBuild\resetprg.obj
-input=DefaultBuild\sbrk.obj
-input=DefaultBuild\vecttbl.obj
-input=DefaultBuild\hal.obj
-input=DefaultBuild\init.obj
-input=DefaultBuild\lowlvl.obj
-input=DefaultBuild\lowsrc.obj
-input=DefaultBuild\mode.obj
-input=DefaultBuild\parameters.obj
-input=DefaultBuild\hal_dist.obj
-input=DefaultBuild\search2.obj
-input=DefaultBuild\map_cmd.obj
-input=DefaultBuild\DataFlash.obj
-noprelink
-output=DefaultBuild\newSKM2.abs
-list=DefaultBuild\newSKM2.map
-nooptimize
-start=B_1,R_1,B_2,R_2,B,R,SU,SI/04,PResetPRG/0FFF80000,C_1,C_2,C,C$DSEC,C$BSEC,C$INIT,C$VTBL,C$VECT,D_1,D_2,D,P,PIntPRG,W_1,W_2,W,L/0FFF80100,FIXEDVECT/0FFFFFFD0
-rom=D=R,D_1=R_1,D_2=R_2
-nologo
-end

*** Error information ***

*** Mapping List ***

SECTION                            START      END         SIZE   ALIGN
B_1
                                  00000004  0000312f      312c   1
R_1
                                  00003130  00003186        57   1
B_2
                                  00003188  000033ed       266   2
R_2
                                  000033ee  0000340d        20   2
B
                                  00003410  0000f507      c0f8   4
R
                                  0000f508  0000f83f       338   4
SU
                                  0000f840  0000f93f       100   4
SI
                                  0000f940  0000fc3f       300   4
PResetPRG
                                  fff80000  fff80038        39   1
C_1
                                  fff80100  fff801d1        d2   1
C_2
                                  fff801d2  fff803d3       202   2
C
                                  fff803d4  fff81ac3      16f0   4
C$DSEC
                                  fff81ac4  fff81ae7        24   4
C$BSEC
                                  fff81ae8  fff81aff        18   4
C$INIT
                                  fff81b00  fff81b00         0   1
C$VTBL
                                  fff81b00  fff81b00         0   1
C$VECT
                                  fff81b00  fff81eff       400   4
D_1
                                  fff81f00  fff81f56        57   1
D_2
                                  fff81f58  fff81f77        20   2
D
                                  fff81f78  fff822af       338   4
P
                                  fff822b0  fff89818      7569   1
PIntPRG
                                  fff89819  fff899e1       1c9   1
W_1
                                  fff899e2  fff89a00        1f   1
W_2
                                  fff89a02  fff89a3f        3e   2
W
                                  fff89a40  fff89a40         0   4
L
                                  fff89a40  fff89ee4       4a5   4
$ADDR_C_FFFFFF80
                                  ffffff80  ffffff83         4   1
$ADDR_C_FFFFFFA0
                                  ffffffa0  ffffffaf        10   1
FIXEDVECT
                                  ffffffd0  ffffffff        30   4
